C51 COMPILER V9.60.7.0   TASK_9                                                            03/28/2024 11:24:40 PAGE 1   


C51 COMPILER V9.60.7.0, COMPILATION OF MODULE TASK_9
OBJECT MODULE PLACED IN .\Objects\Task 9.obj
COMPILER INVOKED BY: C:\Keil_v5\C51\BIN\C51.EXE Task 9.c OPTIMIZE(8,SPEED) BROWSE DEBUG OBJECTEXTEND PRINT(.\Listings\Ta
                    -sk 9.lst) TABS(2) OBJECT(.\Objects\Task 9.obj)

line level    source

   1          #include <reg52.h>
   2          
   3          sbit led_1 = P2^0;
   4          
   5          void Timer_0() interrupt 1 {
   6   1          unsigned char x, y;
   7   1          
   8   1          for (x = 0; x <84; x++)
   9   1              for (y = 0; y < 35; y++);
  10   1          
  11   1          led_1 = ~led_1;      // Toggle LED
  12   1      }
  13          
  14          void main() {
  15   1          IE = 0x82;           // Enable Timer 0 interrupt       (0x82 = 1000 0010)
  16   1          TMOD = 0x02;         // Set Timer 0 mode two 8-bit auto reload
  17   1          TH0 = -46;           // Set initial value for Timer 0 high byte
  18   1          TR0 = 1;
  19   1      }


MODULE INFORMATION:   STATIC OVERLAYABLE
   CODE SIZE        =     46    ----
   CONSTANT SIZE    =   ----    ----
   XDATA SIZE       =   ----    ----
   PDATA SIZE       =   ----    ----
   DATA SIZE        =   ----    ----
   IDATA SIZE       =   ----    ----
   BIT SIZE         =   ----    ----
END OF MODULE INFORMATION.


C51 COMPILATION COMPLETE.  0 WARNING(S),  0 ERROR(S)
