C51 COMPILER V9.60.7.0   TASK_5                                                            03/15/2024 15:58:22 PAGE 1   


C51 COMPILER V9.60.7.0, COMPILATION OF MODULE TASK_5
OBJECT MODULE PLACED IN .\Objects\Task 5.obj
COMPILER INVOKED BY: C:\Keil_v5\C51\BIN\C51.EXE Task 5.c OPTIMIZE(8,SPEED) BROWSE DEBUG OBJECTEXTEND PRINT(.\Listings\Ta
                    -sk 5.lst) TABS(2) OBJECT(.\Objects\Task 5.obj)

line level    source

   1          #include <reg52.h>
   2          
   3          sbit led_1 = P2^0;
   4          sbit button = P3^1;
   5          
   6          void delay(unsigned int milliseconds) {
   7   1          unsigned int i, j;
   8   1          for(i = 0; i < milliseconds; i++)
   9   1              for(j = 0; j < 125; j++);  // Delay approximation for 1 ms
  10   1      }
  11          
  12          void main(void) 
  13            {
  14   1          while(1) 
  15   1            {
  16   2              if(button == 1) 
  17   2                {
  18   3                  delay(20); // Debounce delay   
  19   3                  if(button == 1) 
  20   3                    {
  21   4                      led_1 = !led_1; // Toggle LED state
  22   4                      while(button == 1); // Wait for button release
  23   4                      delay(20); // Debounce delay for button release
  24   4                    }
  25   3                }
  26   2             }
  27   1         }


MODULE INFORMATION:   STATIC OVERLAYABLE
   CODE SIZE        =     59    ----
   CONSTANT SIZE    =   ----    ----
   XDATA SIZE       =   ----    ----
   PDATA SIZE       =   ----    ----
   DATA SIZE        =   ----    ----
   IDATA SIZE       =   ----    ----
   BIT SIZE         =   ----    ----
END OF MODULE INFORMATION.


C51 COMPILATION COMPLETE.  0 WARNING(S),  0 ERROR(S)
